
> black-family-game-night@3.7.0-staging-phase-u3-family-arcade-23 test
> node --test

TAP version 13
# Subtest: Black Gammon is a separate two-player game with the confirmed 4/4/4/3 starting setup
ok 1 - Black Gammon is a separate two-player game with the confirmed 4/4/4/3 starting setup
  ---
  duration_ms: 2.44626
  type: 'test'
  ...
# Subtest: Black Gammon large die has the locked seven tiebreak values only
ok 2 - Black Gammon large die has the locked seven tiebreak values only
  ---
  duration_ms: 0.112911
  type: 'test'
  ...
# Subtest: Triple allocation lets the controller choose the triple recipient and direction while both players receive the unmatched single
ok 3 - Triple allocation lets the controller choose the triple recipient and direction while both players receive the unmatched single
  ---
  duration_ms: 0.722783
  type: 'test'
  ...
# Subtest: Two different doubles split as double sets and controller chooses direction for both
ok 4 - Two different doubles split as double sets and controller chooses direction for both
  ---
  duration_ms: 0.309918
  type: 'test'
  ...
# Subtest: A single 4 is backward before all checkers are home and cannot enter from the bar
ok 5 - A single 4 is backward before all checkers are home and cannot enter from the bar
  ---
  duration_ms: 0.553257
  type: 'test'
  ...
# Subtest: Double 4 can enter from the bar and uses normal entry before a backward set continues backward
ok 6 - Double 4 can enter from the bar and uses normal entry before a backward set continues backward
  ---
  duration_ms: 2.327811
  type: 'test'
  ...
# Subtest: A single opposing checker dies immediately, while a two-checker stack can be covered by a legal group and gets rescue time
ok 7 - A single opposing checker dies immediately, while a two-checker stack can be covered by a legal group and gets rescue time
  ---
  duration_ms: 0.4428
  type: 'test'
  ...
# Subtest: Four is the normal own-point cap but temporary overstack is permitted while covering opponents
ok 8 - Four is the normal own-point cap but temporary overstack is permitted while covering opponents
  ---
  duration_ms: 0.203157
  type: 'test'
  ...
# Subtest: Black Gammon UI is on the shelf, uses direction/rescue colors, and bot controls default Easy with readable selects
ok 9 - Black Gammon UI is on the shelf, uses direction/rescue colors, and bot controls default Easy with readable selects
  ---
  duration_ms: 7.81419
  type: 'test'
  ...
# Subtest: unused ordinary singles transfer once without upgrading matching sets
ok 10 - unused ordinary singles transfer once without upgrading matching sets
  ---
  duration_ms: 0.654741
  type: 'test'
  ...
# Subtest: a single 4 flips positive immediately after the last outside checker reaches home
ok 11 - a single 4 flips positive immediately after the last outside checker reaches home
  ---
  duration_ms: 0.60151
  type: 'test'
  ...
# Subtest: risk and overstack deadlines resolve even when a player receives no movement in that roll
ok 12 - risk and overstack deadlines resolve even when a player receives no movement in that roll
  ---
  duration_ms: 0.314436
  type: 'test'
  ...
# Subtest: Cloudflare adapter creates, seats, readies and starts all 21 games
ok 13 - Cloudflare adapter creates, seats, readies and starts all 21 games
  ---
  duration_ms: 105.983256
  type: 'test'
  ...
# Subtest: All 21 table games can launch solo with computer players at Easy, Medium or Hard difficulty
ok 14 - All 21 table games can launch solo with computer players at Easy, Medium or Hard difficulty
  ---
  duration_ms: 197.340254
  type: 'test'
  ...
# Subtest: Cloudflare adapter persists room snapshots to Durable Object storage
ok 15 - Cloudflare adapter persists room snapshots to Durable Object storage
  ---
  duration_ms: 0.942415
  type: 'test'
  ...
# Subtest: Cloudflare live room stream returns the initial state without hanging
ok 16 - Cloudflare live room stream returns the initial state without hanging
  ---
  duration_ms: 1.46719
  type: 'test'
  ...
# Subtest: Launch UI removes the nonfunctional install button and provides room retry controls
ok 17 - Launch UI removes the nonfunctional install button and provides room retry controls
  ---
  duration_ms: 7.302541
  type: 'test'
  ...
# Subtest: Launch assets advertise the Phase E staging build and use a fresh service-worker cache
ok 18 - Launch assets advertise the Phase E staging build and use a fresh service-worker cache
  ---
  duration_ms: 1.931391
  type: 'test'
  ...
# Subtest: Ready auto-assigns an open seat when a player did not choose one
ok 19 - Ready auto-assigns an open seat when a player did not choose one
  ---
  duration_ms: 2.507744
  type: 'test'
  ...
# Subtest: Fuck Your Buddy exposes the viewer hand during bidding
ok 20 - Fuck Your Buddy exposes the viewer hand during bidding
  ---
  duration_ms: 1.754995
  type: 'test'
  ...
# Subtest: Chat is stored once and visible to the other player
ok 21 - Chat is stored once and visible to the other player
  ---
  duration_ms: 23.297301
  type: 'test'
  ...
# Subtest: Family-play UI includes Game Shelf home, bid-hand visibility, middle-finger reaction, and no voice controls
ok 22 - Family-play UI includes Game Shelf home, bid-hand visibility, middle-finger reaction, and no voice controls
  ---
  duration_ms: 5.928027
  type: 'test'
  ...
# Subtest: All 18 games can auto-seat players who simply press Ready
ok 23 - All 18 games can auto-seat players who simply press Ready
  ---
  duration_ms: 52.629571
  type: 'test'
  ...
# Subtest: Middle-finger quick reaction is accepted and broadcast in room state
ok 24 - Middle-finger quick reaction is accepted and broadcast in room state
  ---
  duration_ms: 1.08372
  type: 'test'
  ...
# Subtest: Named Black family and pet players receive their matching avatar automatically
ok 25 - Named Black family and pet players receive their matching avatar automatically
  ---
  duration_ms: 5.623366
  type: 'test'
  ...
# Subtest: All named family avatars have four style image files and remain alongside the original library
ok 26 - All named family avatars have four style image files and remain alongside the original library
  ---
  duration_ms: 9.297554
  type: 'test'
  ...
# Subtest: John Black defaults to Birthday Guy and supports all 16 exclusive birthday looks
ok 27 - John Black defaults to Birthday Guy and supports all 16 exclusive birthday looks
  ---
  duration_ms: 1.020984
  type: 'test'
  ...
# Subtest: All 16 John look image files are packaged and the UI exposes the full Birthday Boy lookbook
ok 28 - All 16 John look image files are packaged and the UI exposes the full Birthday Boy lookbook
  ---
  duration_ms: 3.070355
  type: 'test'
  ...
# Subtest: Avatar picker is character-first and reveals only the selected character looks beneath it
ok 29 - Avatar picker is character-first and reveals only the selected character looks beneath it
  ---
  duration_ms: 1.914005
  type: 'test'
  ...
# Subtest: Refreshed original avatars and centered Elizabeth and Holly portraits are packaged at higher quality
ok 30 - Refreshed original avatars and centered Elizabeth and Holly portraits are packaged at higher quality
  ---
  duration_ms: 1.927365
  type: 'test'
  ...
# Subtest: Host can switch the existing room to a new game while all players and tokens stay together
ok 31 - Host can switch the existing room to a new game while all players and tokens stay together
  ---
  duration_ms: 1.955278
  type: 'test'
  ...
# Subtest: Host can add Easy, Medium or Hard computer players and start solo
ok 32 - Host can add Easy, Medium or Hard computer players and start solo
  ---
  duration_ms: 1.716126
  type: 'test'
  ...
# Subtest: Host can choose and later change each computer family character and difficulty
ok 33 - Host can choose and later change each computer family character and difficulty
  ---
  duration_ms: 1.062437
  type: 'test'
  ...
# Subtest: botTick advances a computer turn without exposing hidden hands
ok 34 - botTick advances a computer turn without exposing hidden hands
  ---
  duration_ms: 1.393188
  type: 'test'
  ...
# Subtest: Campfire Chaos starts and returns private public state
ok 35 - Campfire Chaos starts and returns private public state
  ---
  duration_ms: 2.063461
  type: 'test'
  ...
# Subtest: Trail Trouble starts and returns private public state
ok 36 - Trail Trouble starts and returns private public state
  ---
  duration_ms: 1.066273
  type: 'test'
  ...
# Subtest: Prairie Pots starts and returns private public state
ok 37 - Prairie Pots starts and returns private public state
  ---
  duration_ms: 3.492363
  type: 'test'
  ...
# Subtest: Burn Logs starts and returns private public state
ok 38 - Burn Logs starts and returns private public state
  ---
  duration_ms: 0.953472
  type: 'test'
  ...
# Subtest: Deck Sweep starts and returns private public state
ok 39 - Deck Sweep starts and returns private public state
  ---
  duration_ms: 0.582672
  type: 'test'
  ...
# Subtest: Cribbage starts and returns private public state
ok 40 - Cribbage starts and returns private public state
  ---
  duration_ms: 0.545986
  type: 'test'
  ...
# Subtest: Marbles & Jokers starts and returns private public state
ok 41 - Marbles & Jokers starts and returns private public state
  ---
  duration_ms: 0.639076
  type: 'test'
  ...
# Subtest: Euchre starts and returns private public state
ok 42 - Euchre starts and returns private public state
  ---
  duration_ms: 0.650274
  type: 'test'
  ...
# Subtest: 31 starts and returns private public state
ok 43 - 31 starts and returns private public state
  ---
  duration_ms: 0.611895
  type: 'test'
  ...
# Subtest: Golf starts and returns private public state
ok 44 - Golf starts and returns private public state
  ---
  duration_ms: 0.841403
  type: 'test'
  ...
# Subtest: Crazy Eights Countdown starts and returns private public state
ok 45 - Crazy Eights Countdown starts and returns private public state
  ---
  duration_ms: 0.410681
  type: 'test'
  ...
# Subtest: Mitts / Gloves / Socks starts and returns private public state
ok 46 - Mitts / Gloves / Socks starts and returns private public state
  ---
  duration_ms: 0.557924
  type: 'test'
  ...
# Subtest: Poker starts and returns private public state
ok 47 - Poker starts and returns private public state
  ---
  duration_ms: 0.434146
  type: 'test'
  ...
# Subtest: President starts and returns private public state
ok 48 - President starts and returns private public state
  ---
  duration_ms: 0.408328
  type: 'test'
  ...
# Subtest: Last Haven starts and returns private public state
ok 49 - Last Haven starts and returns private public state
  ---
  duration_ms: 1.516324
  type: 'test'
  ...
# Subtest: Mexican Train starts and returns private public state
ok 50 - Mexican Train starts and returns private public state
  ---
  duration_ms: 0.816315
  type: 'test'
  ...
# Subtest: Skip-Bo starts and returns private public state
ok 51 - Skip-Bo starts and returns private public state
  ---
  duration_ms: 0.583202
  type: 'test'
  ...
# Subtest: Backgammon starts and returns private public state
ok 52 - Backgammon starts and returns private public state
  ---
  duration_ms: 0.288767
  type: 'test'
  ...
# Subtest: Black Gammon starts and returns private public state
ok 53 - Black Gammon starts and returns private public state
  ---
  duration_ms: 0.450872
  type: 'test'
  ...
# Subtest: Campfire Chaos first legal action works
ok 54 - Campfire Chaos first legal action works
  ---
  duration_ms: 1.725059
  type: 'test'
  ...
# Subtest: 31 can draw and discard
ok 55 - 31 can draw and discard
  ---
  duration_ms: 0.348107
  type: 'test'
  ...
# Subtest: Golf can draw and replace
ok 56 - Golf can draw and replace
  ---
  duration_ms: 0.432214
  type: 'test'
  ...
# Subtest: Euchre calling action works
ok 57 - Euchre calling action works
  ---
  duration_ms: 0.204229
  type: 'test'
  ...
# Subtest: Cribbage discards to crib
ok 58 - Cribbage discards to crib
  ---
  duration_ms: 0.597674
  type: 'test'
  ...
# Subtest: Trail Trouble deals a persistent private five-card hand
ok 59 - Trail Trouble deals a persistent private five-card hand
  ---
  duration_ms: 0.538494
  type: 'test'
  ...
# Subtest: Marbles & Jokers draws a card
ok 60 - Marbles & Jokers draws a card
  ---
  duration_ms: 0.376349
  type: 'test'
  ...
# Subtest: Burn Logs draws then offers discard or mission actions
ok 61 - Burn Logs draws then offers discard or mission actions
  ---
  duration_ms: 0.646739
  type: 'test'
  ...
# Subtest: Deck Sweep can play a legal starting group
ok 62 - Deck Sweep can play a legal starting group
  ---
  duration_ms: 0.309899
  type: 'test'
  ...
# Subtest: Poker first betting action works
ok 63 - Poker first betting action works
  ---
  duration_ms: 0.283038
  type: 'test'
  ...
# Subtest: Last Haven setup can place a camp and route
ok 64 - Last Haven setup can place a camp and route
  ---
  duration_ms: 0.950168
  type: 'test'
  ...
# Subtest: Campfire LAST LOG catch window expires after the next player completes a turn
ok 65 - Campfire LAST LOG catch window expires after the next player completes a turn
  ---
  duration_ms: 0.236959
  type: 'test'
  ...
# Subtest: 31 recycles the discard pile when stock is exhausted
ok 66 - 31 recycles the discard pile when stock is exhausted
  ---
  duration_ms: 0.280445
  type: 'test'
  ...
# Subtest: Golf recycles discards and is capped at six players for a 56-card deck
ok 67 - Golf recycles discards and is capped at six players for a 56-card deck
  ---
  duration_ms: 0.312162
  type: 'test'
  ...
# Subtest: Trail Trouble only wins when all team markers reach the final Home space
ok 68 - Trail Trouble only wins when all team markers reach the final Home space
  ---
  duration_ms: 0.841373
  type: 'test'
  ...
# Subtest: President can finish a full round without assigning the turn to a player already out
ok 69 - President can finish a full round without assigning the turn to a player already out
  ---
  duration_ms: 1.794384
  type: 'test'
  ...
# Subtest: Poker all-ins automatically run out the board instead of hanging between streets
ok 70 - Poker all-ins automatically run out the board instead of hanging between streets
  ---
  duration_ms: 1.09753
  type: 'test'
  ...
# Subtest: Euchre exposes Ace-No-Face redeal to an eligible player
ok 71 - Euchre exposes Ace-No-Face redeal to an eligible player
  ---
  duration_ms: 0.191389
  type: 'test'
  ...
# Subtest: Last Haven randomizes tiles, includes trading posts, and repeats the seven-warning Raider cycle
ok 72 - Last Haven randomizes tiles, includes trading posts, and repeats the seven-warning Raider cycle
  ---
  duration_ms: 2.011553
  type: 'test'
  ...
# Subtest: Last Haven trade target receives accept and decline actions
ok 73 - Last Haven trade target receives accept and decline actions
  ---
  duration_ms: 0.403781
  type: 'test'
  ...
# Subtest: Campfire Chaos only allows drawing when no card is playable
ok 74 - Campfire Chaos only allows drawing when no card is playable
  ---
  duration_ms: 0.520858
  type: 'test'
  ...
# Subtest: Campfire Chaos playable stock draw can be played or kept, but no other card can be substituted
ok 75 - Campfire Chaos playable stock draw can be played or kept, but no other card can be substituted
  ---
  duration_ms: 0.933682
  type: 'test'
  ...
# Subtest: Cribbage treats Ace as low in pegging runs
ok 76 - Cribbage treats Ace as low in pegging runs
  ---
  duration_ms: 0.516011
  type: 'test'
  ...
# Subtest: Cribbage ends immediately when a player reaches 121 during pegging
ok 77 - Cribbage ends immediately when a player reaches 121 during pegging
  ---
  duration_ms: 0.227404
  type: 'test'
  ...
# Subtest: Burn Logs can finish when the target-log player goes out
ok 78 - Burn Logs can finish when the target-log player goes out
  ---
  duration_ms: 0.471593
  type: 'test'
  ...
# Subtest: Deck Sweep can finish a configured final round
ok 79 - Deck Sweep can finish a configured final round
  ---
  duration_ms: 0.508289
  type: 'test'
  ...
# Subtest: Last Haven can end as soon as a survivor reaches 15 Survival Points
ok 80 - Last Haven can end as soon as a survivor reaches 15 Survival Points
  ---
  duration_ms: 0.434327
  type: 'test'
  ...
# Subtest: Marbles & Jokers uses all five Home holes and team help only after your own five are Home
ok 81 - Marbles & Jokers uses all five Home holes and team help only after your own five are Home
  ---
  duration_ms: 1.800283
  type: 'test'
  ...
# Subtest: Marbles & Jokers cannot pass over a marble of the same colour
ok 82 - Marbles & Jokers cannot pass over a marble of the same colour
  ---
  duration_ms: 0.440676
  type: 'test'
  ...
# Subtest: Marbles & Jokers landing on a partner sends that partner to their in-spot
ok 83 - Marbles & Jokers landing on a partner sends that partner to their in-spot
  ---
  duration_ms: 0.639327
  type: 'test'
  ...
# Subtest: 31 skips eliminated players when a player knocks
ok 84 - 31 skips eliminated players when a player knocks
  ---
  duration_ms: 0.291641
  type: 'test'
  ...
# Subtest: Trail Trouble exposes board metadata and card 4 moves backward four
ok 85 - Trail Trouble exposes board metadata and card 4 moves backward four
  ---
  duration_ms: 0.496812
  type: 'test'
  ...
# Subtest: Screw max hands scale by player count
ok 86 - Screw max hands scale by player count
  ---
  duration_ms: 0.862124
  type: 'test'
  ...
# Subtest: Fuck deck is 56 cards with 2 high and 2 low Jokers
ok 87 - Fuck deck is 56 cards with 2 high and 2 low Jokers
  ---
  duration_ms: 0.575781
  type: 'test'
  ...
# Subtest: Fuck max hand stays capped at 13 but uses 56-card capacity
ok 88 - Fuck max hand stays capped at 13 but uses 56-card capacity
  ---
  duration_ms: 0.922706
  type: 'test'
  ...
# Subtest: Screw rounds climb then descend without repeating peak
ok 89 - Screw rounds climb then descend without repeating peak
  ---
  duration_ms: 0.56223
  type: 'test'
  ...
# Subtest: Screw trump cycles continuously
ok 90 - Screw trump cycles continuously
  ---
  duration_ms: 0.201915
  type: 'test'
  ...
# Subtest: dealer forbidden bid enforces total not equal to hand size
ok 91 - dealer forbidden bid enforces total not equal to hand size
  ---
  duration_ms: 0.113532
  type: 'test'
  ...
# Subtest: Screw must follow suit if able
ok 92 - Screw must follow suit if able
  ---
  duration_ms: 0.249898
  type: 'test'
  ...
# Subtest: Fuck Joker is always legal even when player can follow suit
ok 93 - Fuck Joker is always legal even when player can follow suit
  ---
  duration_ms: 0.195196
  type: 'test'
  ...
# Subtest: Fuck leading Joker allows any play until first normal card establishes suit
ok 94 - Fuck leading Joker allows any play until first normal card establishes suit
  ---
  duration_ms: 0.29737
  type: 'test'
  ...
# Subtest: Screw trump beats led suit
ok 95 - Screw trump beats led suit
  ---
  duration_ms: 0.372924
  type: 'test'
  ...
# Subtest: Screw no trump uses highest led suit only
ok 96 - Screw no trump uses highest led suit only
  ---
  duration_ms: 0.168555
  type: 'test'
  ...
# Subtest: Fuck trump power-rank card is absolute highest
ok 97 - Fuck trump power-rank card is absolute highest
  ---
  duration_ms: 0.161475
  type: 'test'
  ...
# Subtest: Fuck first high Joker wins a high-Joker tie
ok 98 - Fuck first high Joker wins a high-Joker tie
  ---
  duration_ms: 0.069736
  type: 'test'
  ...
# Subtest: Fuck first non-trump power-rank card wins ties
ok 99 - Fuck first non-trump power-rank card wins ties
  ---
  duration_ms: 0.061453
  type: 'test'
  ...
# Subtest: Fuck later low Joker beats earlier low Joker but every normal card beats both
ok 100 - Fuck later low Joker beats earlier low Joker but every normal card beats both
  ---
  duration_ms: 0.074022
  type: 'test'
  ...
# Subtest: Fuck no-trump high Joker is above power rank
ok 101 - Fuck no-trump high Joker is above power rank
  ---
  duration_ms: 0.063436
  type: 'test'
  ...
# Subtest: Fuck normal trick-taking resumes below special cards
ok 102 - Fuck normal trick-taking resumes below special cards
  ---
  duration_ms: 0.063646
  type: 'test'
  ...
# Subtest: Fuck random schedule respects requested count and playable max
ok 103 - Fuck random schedule respects requested count and playable max
  ---
  duration_ms: 0.613698
  type: 'test'
  ...
# Subtest: exact bid scoring
ok 104 - exact bid scoring
  ---
  duration_ms: 0.07236
  type: 'test'
  ...
# Subtest: Smear deck is 32 cards using only 7 through Ace
ok 105 - Smear deck is 32 cards using only 7 through Ace
  ---
  duration_ms: 0.165751
  type: 'test'
  ...
# Subtest: Smear teams are opposite seats
ok 106 - Smear teams are opposite seats
  ---
  duration_ms: 0.073251
  type: 'test'
  ...
# Subtest: Smear bid order treats 4 and out above regular 4
ok 107 - Smear bid order treats 4 and out above regular 4
  ---
  duration_ms: 0.062394
  type: 'test'
  ...
# Subtest: Smear follows suit when able
ok 108 - Smear follows suit when able
  ---
  duration_ms: 0.069545
  type: 'test'
  ...
# Subtest: Smear scores High and Low to teams that played them and Jack to capturer
ok 109 - Smear scores High and Low to teams that played them and Jack to capturer
  ---
  duration_ms: 0.252842
  type: 'test'
  ...
# Subtest: Smear missing Jack simply leaves three available scoring points
ok 110 - Smear missing Jack simply leaves three available scoring points
  ---
  duration_ms: 0.160443
  type: 'test'
  ...
# Subtest: Smear equal game values are no game out
ok 111 - Smear equal game values are no game out
  ---
  duration_ms: 0.093491
  type: 'test'
  ...
# Subtest: Smear bidder set loses bid while defenders still score
ok 112 - Smear bidder set loses bid while defenders still score
  ---
  duration_ms: 0.133792
  type: 'test'
  ...
# Subtest: Smear bidder may score more than bid when contract is made
ok 113 - Smear bidder may score more than bid when contract is made
  ---
  duration_ms: 0.069986
  type: 'test'
  ...
# Subtest: Smear failed 4 and out is minus 11 and defenders keep earned points
ok 114 - Smear failed 4 and out is minus 11 and defenders keep earned points
  ---
  duration_ms: 0.105941
  type: 'test'
  ...
# Subtest: Smear successful 4 and out wins immediately
ok 115 - Smear successful 4 and out wins immediately
  ---
  duration_ms: 0.069345
  type: 'test'
  ...
# Subtest: Smear if both teams reach 11 on same hand bidding team wins
ok 116 - Smear if both teams reach 11 on same hand bidding team wins
  ---
  duration_ms: 0.06603
  type: 'test'
  ...
# Subtest: Family Island Life has a full family-sized world economy rather than a single-house demo
ok 117 - Family Island Life has a full family-sized world economy rather than a single-house demo
  ---
  duration_ms: 0.78027
  type: 'test'
  ...
# Subtest: needs decay gently and jobs pay more as a resident gains skill
ok 118 - needs decay gently and jobs pay more as a resident gains skill
  ---
  duration_ms: 0.181194
  type: 'test'
  ...
# Subtest: house upgrades require money and gathered materials
ok 119 - house upgrades require money and gathered materials
  ---
  duration_ms: 0.218771
  type: 'test'
  ...
# Subtest: furniture placement is clamped inside the upgraded house footprint
ok 120 - furniture placement is clamped inside the upgraded house footprint
  ---
  duration_ms: 0.187123
  type: 'test'
  ...
# Subtest: network movement clamps teleport attempts and invalid animation state
ok 121 - network movement clamps teleport attempts and invalid animation state
  ---
  duration_ms: 0.282928
  type: 'test'
  ...
# Subtest: Island Life uses true WebGL third-person all-angle humans and quadruped dogs
ok 122 - Island Life uses true WebGL third-person all-angle humans and quadruped dogs
  ---
  duration_ms: 0.514078
  type: 'test'
  ...
# Subtest: client builds island districts, stores, home exteriors, enterable interiors and decoration controls
ok 123 - client builds island districts, stores, home exteriors, enterable interiors and decoration controls
  ---
  duration_ms: 2.298197
  type: 'test'
  ...
# Subtest: Lodge creates a dedicated persistent Island Life room
ok 124 - Lodge creates a dedicated persistent Island Life room
  ---
  duration_ms: 0.254315
  type: 'test'
  ...
# Subtest: persistent room creates and joins separate residents with private money and inventory
ok 125 - persistent room creates and joins separate residents with private money and inventory
  ---
  duration_ms: 18.655299
  type: 'test'
  ...
# Subtest: lots cannot be claimed remotely and two residents cannot own the same lot
ok 126 - lots cannot be claimed remotely and two residents cannot own the same lot
  ---
  duration_ms: 4.834272
  type: 'test'
  ...
# Subtest: jobs, shopping and gathering are server-authorized by world position and tools
ok 127 - jobs, shopping and gathering are server-authorized by world position and tools
  ---
  duration_ms: 2.600474
  type: 'test'
  ...
# Subtest: home upgrades and furniture persist while decorating is restricted to the owner
ok 128 - home upgrades and furniture persist while decorating is restricted to the owner
  ---
  duration_ms: 1.775887
  type: 'test'
  ...
# Subtest: Island Life Durable Object uses SQLite and hibernatable WebSockets
ok 129 - Island Life Durable Object uses SQLite and hibernatable WebSockets
  ---
  duration_ms: 0.131169
  type: 'test'
  ...
# Subtest: responsive cabin home uses the approved cabin direction and explicit John reference crop
ok 130 - responsive cabin home uses the approved cabin direction and explicit John reference crop
  ---
  duration_ms: 0.791026
  type: 'test'
  ...
# Subtest: every game exposes a share or join link path
ok 131 - every game exposes a share or join link path
  ---
  duration_ms: 0.257139
  type: 'test'
  ...
# Subtest: character selection now moves from character to outfit and requires Back to switch
ok 132 - character selection now moves from character to outfit and requires Back to switch
  ---
  duration_ms: 0.203027
  type: 'test'
  ...
# Subtest: computer player controls exist globally with three difficulties
ok 133 - computer player controls exist globally with three difficulties
  ---
  duration_ms: 0.517953
  type: 'test'
  ...
# Subtest: all three new games support solo play with computer opponents
ok 134 - all three new games support solo play with computer opponents
  ---
  duration_ms: 0.770826
  type: 'test'
  ...
# Subtest: John's Birthday Seat is included as a playable 3D platform game
ok 135 - John's Birthday Seat is included as a playable 3D platform game
  ---
  duration_ms: 2.320069
  type: 'test'
  ...
# Subtest: home image buttons navigate to real destinations instead of dead hotspots
ok 136 - home image buttons navigate to real destinations instead of dead hotspots
  ---
  duration_ms: 1.01836
  type: 'test'
  ...
# Subtest: multiplayer lobby exposes per-bot family character and difficulty editing
ok 137 - multiplayer lobby exposes per-bot family character and difficulty editing
  ---
  duration_ms: 0.434087
  type: 'test'
  ...
# Subtest: Birthday Seat is a full-body vertical obby with readable route and visible throne goal
ok 138 - Birthday Seat is a full-body vertical obby with readable route and visible throne goal
  ---
  duration_ms: 0.383139
  type: 'test'
  ...
# Subtest: 3D games let the host select computer family characters
ok 139 - 3D games let the host select computer family characters
  ---
  duration_ms: 0.29752
  type: 'test'
  ...
# Subtest: Phase E staging identifier is explicit and cache-versioned
ok 140 - Phase E staging identifier is explicit and cache-versioned
  ---
  duration_ms: 0.67463
  type: 'test'
  ...
# Subtest: all three realtime games expose Phase E diagnostics, mobile guards and zoom controls
ok 141 - all three realtime games expose Phase E diagnostics, mobile guards and zoom controls
  ---
  duration_ms: 0.314977
  type: 'test'
  ...
# Subtest: missing authored family avatars are explicitly reported instead of silently claimed as authored
ok 142 - missing authored family avatars are explicitly reported instead of silently claimed as authored
  ---
  duration_ms: 0.69409
  type: 'test'
  ...
# Subtest: John and Gunner authored GLBs are shared across all three realtime games
ok 143 - John and Gunner authored GLBs are shared across all three realtime games
  ---
  duration_ms: 0.253023
  type: 'test'
  ...
# Subtest: family body dimensions are centralized for humans and dogs
ok 144 - family body dimensions are centralized for humans and dogs
  ---
  duration_ms: 0.140292
  type: 'test'
  ...
# Subtest: camera obstruction treats the camera as a volume, catching a side-edge blocker missed by the center ray
ok 145 - camera obstruction treats the camera as a volume, catching a side-edge blocker missed by the center ray
  ---
  duration_ms: 0.666188
  type: 'test'
  ...
# Subtest: long-frame movement is substepped so thin walls cannot be tunneled through
ok 146 - long-frame movement is substepped so thin walls cannot be tunneled through
  ---
  duration_ms: 0.508599
  type: 'test'
  ...
# Subtest: Island Life and Birthday Seat preserve user zoom during ordinary camera updates
ok 147 - Island Life and Birthday Seat preserve user zoom during ordinary camera updates
  ---
  duration_ms: 0.186462
  type: 'test'
  ...
# Subtest: Prop Hunt disguise selection cannot reach a prop on another vertical level
ok 148 - Prop Hunt disguise selection cannot reach a prop on another vertical level
  ---
  duration_ms: 0.802144
  type: 'test'
  ...
# Subtest: shared recovery repairs invalid transforms and horizontal bounds, not only wall overlap
ok 149 - shared recovery repairs invalid transforms and horizontal bounds, not only wall overlap
  ---
  duration_ms: 0.654039
  type: 'test'
  ...
# Subtest: Prop Hunt camera aim is revalidated from the actual weapon muzzle before a hit is accepted
ok 150 - Prop Hunt camera aim is revalidated from the actual weapon muzzle before a hit is accepted
  ---
  duration_ms: 0.206703
  type: 'test'
  ...
# Subtest: Prop Hunt decoys preserve elevated support height locally and across network playback
ok 151 - Prop Hunt decoys preserve elevated support height locally and across network playback
  ---
  duration_ms: 0.196477
  type: 'test'
  ...
# Subtest: Island interactions require clear world line of sight instead of proximity alone
ok 152 - Island interactions require clear world line of sight instead of proximity alone
  ---
  duration_ms: 0.212161
  type: 'test'
  ...
# Subtest: Island visitors use swept collision and replan instead of directly integrating through walls
ok 153 - Island visitors use swept collision and replan instead of directly integrating through walls
  ---
  duration_ms: 0.159241
  type: 'test'
  ...
# Subtest: Island scene lifecycle removes controls, resize handling, timers, RAF and WebSocket reconnect work
ok 154 - Island scene lifecycle removes controls, resize handling, timers, RAF and WebSocket reconnect work
  ---
  duration_ms: 0.348897
  type: 'test'
  ...
# Subtest: normal Screw/Fuck/Smear table cards use immediate legal tap-to-play with a pending-action lock
ok 155 - normal Screw/Fuck/Smear table cards use immediate legal tap-to-play with a pending-action lock
  ---
  duration_ms: 1.881997
  type: 'test'
  ...
# Subtest: genuine multi-step card actions remain available instead of being flattened into immediate play
ok 156 - genuine multi-step card actions remain available instead of being flattened into immediate play
  ---
  duration_ms: 0.315707
  type: 'test'
  ...
# Subtest: Screw score sheet is driven by the engine schedule and includes the complete up/down round progression
ok 157 - Screw score sheet is driven by the engine schedule and includes the complete up/down round progression
  ---
  duration_ms: 0.629202
  type: 'test'
  ...
# Subtest: Fuck score sheet uses the generated game schedule rather than inventing a fixed Screw sequence
ok 158 - Fuck score sheet uses the generated game schedule rather than inventing a fixed Screw sequence
  ---
  duration_ms: 0.908093
  type: 'test'
  ...
# Subtest: complete game sheets preserve completed scores, highlight focus round and show future rows
ok 159 - complete game sheets preserve completed scores, highlight focus round and show future rows
  ---
  duration_ms: 0.299973
  type: 'test'
  ...
# Subtest: home redesign uses a stable cabin hero, approved John reference crop and restrained reduced-motion aware animation
ok 160 - home redesign uses a stable cabin hero, approved John reference crop and restrained reduced-motion aware animation
  ---
  duration_ms: 0.412143
  type: 'test'
  ...
# Subtest: standard 3D play hides developer warnings and QA controls unless qa3d mode is explicitly enabled
ok 161 - standard 3D play hides developer warnings and QA controls unless qa3d mode is explicitly enabled
  ---
  duration_ms: 0.136637
  type: 'test'
  ...
# Subtest: 3D phone cleanup keeps core recovery while using more readable per-game camera framing
ok 162 - 3D phone cleanup keeps core recovery while using more readable per-game camera framing
  ---
  duration_ms: 0.294255
  type: 'test'
  ...
# Subtest: Smear deals and privately exposes all six owner cards before bidding
ok 163 - Smear deals and privately exposes all six owner cards before bidding
  ---
  duration_ms: 26.684865
  type: 'test'
  ...
# Subtest: Smear client visibly renders the six-card bid hand instead of hiding it
ok 164 - Smear client visibly renders the six-card bid hand instead of hiding it
  ---
  duration_ms: 5.103399
  type: 'test'
  ...
# Subtest: Trail Trouble starts every player with a persistent private five-card hand
ok 165 - Trail Trouble starts every player with a persistent private five-card hand
  ---
  duration_ms: 2.105776
  type: 'test'
  ...
# Subtest: Trail Trouble plays one chosen held card, discards it and draws exactly back to five
ok 166 - Trail Trouble plays one chosen held card, discards it and draws exactly back to five
  ---
  duration_ms: 2.379138
  type: 'test'
  ...
# Subtest: Trail Trouble records intermediate board-space waypoints for multi-space animation
ok 167 - Trail Trouble records intermediate board-space waypoints for multi-space animation
  ---
  duration_ms: 0.799019
  type: 'test'
  ...
# Subtest: Trail Trouble only permits a discard-turn when the whole five-card hand has no legal move
ok 168 - Trail Trouble only permits a discard-turn when the whole five-card hand has no legal move
  ---
  duration_ms: 1.568273
  type: 'test'
  ...
# Subtest: Trail Trouble bots use the same five-card hand model and replenish after acting
ok 169 - Trail Trouble bots use the same five-card hand model and replenish after acting
  ---
  duration_ms: 4.441028
  type: 'test'
  ...
# Subtest: Trail Trouble client implements five-card selection, waypoint motion, pinch zoom, pan and Reset View
ok 170 - Trail Trouble client implements five-card selection, waypoint motion, pinch zoom, pan and Reset View
  ---
  duration_ms: 5.720964
  type: 'test'
  ...
# Subtest: room rematch preserves player identity/look while resetting match-specific state
ok 171 - room rematch preserves player identity/look while resetting match-specific state
  ---
  duration_ms: 5.3748
  type: 'test'
  ...
# Subtest: completed result recording is duplicate-safe and keyed to stable player profile identity
ok 172 - completed result recording is duplicate-safe and keyed to stable player profile identity
  ---
  duration_ms: 1.172784
  type: 'test'
  ...
# Subtest: Requests are stored persistently with category, player identity and status
ok 173 - Requests are stored persistently with category, player identity and status
  ---
  duration_ms: 2.391778
  type: 'test'
  ...
# Subtest: Avatar Hub persists Character -> Outfit -> Color profile defaults and player color drives 2D clothing tint
ok 174 - Avatar Hub persists Character -> Outfit -> Color profile defaults and player color drives 2D clothing tint
  ---
  duration_ms: 3.760699
  type: 'test'
  ...
# Subtest: authored avatar clothing tint contract recolors shirt materials without touching skin
ok 175 - authored avatar clothing tint contract recolors shirt materials without touching skin
  ---
  duration_ms: 2.337035
  type: 'test'
  ...
# Subtest: home platform exposes Requests, shared Leaderboards, Avatar Hub and interactive game-school tutorials
ok 176 - home platform exposes Requests, shared Leaderboards, Avatar Hub and interactive game-school tutorials
  ---
  duration_ms: 2.443806
  type: 'test'
  ...
# Subtest: all applicable game-end presentations expose Keep Playing and Return to Game Shelf
ok 177 - all applicable game-end presentations expose Keep Playing and Return to Game Shelf
  ---
  duration_ms: 3.116434
  type: 'test'
  ...
# Subtest: Phase F platform build ID and cache namespace are explicit and fresh
ok 178 - Phase F platform build ID and cache namespace are explicit and fresh
  ---
  duration_ms: 1.663276
  type: 'test'
  ...
# Subtest: Phase G John is a genuinely skinned GLB with an embedded semantic animation library
ok 179 - Phase G John is a genuinely skinned GLB with an embedded semantic animation library
  ---
  duration_ms: 9.078582
  type: 'test'
  ...
# Subtest: Phase G production manifest points John and Papa Shop at dedicated production-slice GLBs
ok 180 - Phase G production manifest points John and Papa Shop at dedicated production-slice GLBs
  ---
  duration_ms: 1.014805
  type: 'test'
  ...
# Subtest: Papa production slice swaps visible blockout for authored environment/set while preserving gameplay colliders
ok 181 - Papa production slice swaps visible blockout for authored environment/set while preserving gameplay colliders
  ---
  duration_ms: 0.245522
  type: 'test'
  ...
# Subtest: production asset pipeline supports environment/set loading and authored clothing recolor hooks
ok 182 - production asset pipeline supports environment/set loading and authored clothing recolor hooks
  ---
  duration_ms: 0.122626
  type: 'test'
  ...
# Subtest: mobile third-person input adds real two-finger camera pinch while preserving right-half touch look
ok 183 - mobile third-person input adds real two-finger camera pinch while preserving right-half touch look
  ---
  duration_ms: 0.147433
  type: 'test'
  ...
# Subtest: normal Prop Hunt no longer leaves a permanent camera-instruction paragraph over play
ok 184 - normal Prop Hunt no longer leaves a permanent camera-instruction paragraph over play
  ---
  duration_ms: 0.122866
  type: 'test'
  ...
# Subtest: Marbles & Jokers renders drilled sockets, routed Home channels and glossy seated marbles
ok 185 - Marbles & Jokers renders drilled sockets, routed Home channels and glossy seated marbles
  ---
  duration_ms: 1.28901
  type: 'test'
  ...
# Subtest: Marbles board supports pinch zoom, empty-board pan, wheel zoom and movement waypoints
ok 186 - Marbles board supports pinch zoom, empty-board pan, wheel zoom and movement waypoints
  ---
  duration_ms: 0.424202
  type: 'test'
  ...
# Subtest: draw-required states are visibly highlighted in shared tabletop UI
ok 187 - draw-required states are visibly highlighted in shared tabletop UI
  ---
  duration_ms: 0.31705
  type: 'test'
  ...
# Subtest: Cribbage is rank-sorted, auto-sends crib selection and surfaces contextual GO
ok 188 - Cribbage is rank-sorted, auto-sends crib selection and surfaces contextual GO
  ---
  duration_ms: 0.186663
  type: 'test'
  ...
# Subtest: Crazy Eights countdown shows current stage and struck previous stage
ok 189 - Crazy Eights countdown shows current stage and struck previous stage
  ---
  duration_ms: 2.505961
  type: 'test'
  ...
# Subtest: Game School contains actual guided interaction scenes for requested tabletop games
ok 190 - Game School contains actual guided interaction scenes for requested tabletop games
  ---
  duration_ms: 0.518434
  type: 'test'
  ...
# Subtest: Quick reactions include party and sly while retaining the shared reaction architecture
ok 191 - Quick reactions include party and sly while retaining the shared reaction architecture
  ---
  duration_ms: 0.156868
  type: 'test'
  ...
# Subtest: Prop Hunt uses right-side touch look and two-finger camera pinch while retaining recovered camera solver
ok 192 - Prop Hunt uses right-side touch look and two-finger camera pinch while retaining recovered camera solver
  ---
  duration_ms: 0.149055
  type: 'test'
  ...
# Subtest: three new games are exposed with the requested player ranges
ok 193 - three new games are exposed with the requested player ranges
  ---
  duration_ms: 1.436202
  type: 'test'
  ...
# Subtest: Mexican Train uses a complete unique Double-12 set
ok 194 - Mexican Train uses a complete unique Double-12 set
  ---
  duration_ms: 0.655241
  type: 'test'
  ...
# Subtest: Mexican Train deals the supplied rack sizes and keeps opponent racks private
ok 195 - Mexican Train deals the supplied rack sizes and keeps opponent racks private
  ---
  duration_ms: 4.435439
  type: 'test'
  ...
# Subtest: Mexican Train requires the current player to use their highest double as the engine
ok 196 - Mexican Train requires the current player to use their highest double as the engine
  ---
  duration_ms: 2.682528
  type: 'test'
  ...
# Subtest: Mexican Train opens a private train after a failed opening draw/pass
ok 197 - Mexican Train opens a private train after a failed opening draw/pass
  ---
  duration_ms: 0.917949
  type: 'test'
  ...
# Subtest: Mexican Train doubles create a forced closure obligation on that train
ok 198 - Mexican Train doubles create a forced closure obligation on that train
  ---
  duration_ms: 0.947243
  type: 'test'
  ...
# Subtest: Mexican Train completes three rounds by lowest cumulative pip score
ok 199 - Mexican Train completes three rounds by lowest cumulative pip score
  ---
  duration_ms: 0.875184
  type: 'test'
  ...
# Subtest: Skip-Bo deck contains 162 cards with 12 of each number and 18 Wilds
ok 200 - Skip-Bo deck contains 162 cards with 12 of each number and 18 Wilds
  ---
  duration_ms: 1.122097
  type: 'test'
  ...
# Subtest: Skip-Bo creates private Stock piles, four Discard piles and four Building piles
ok 201 - Skip-Bo creates private Stock piles, four Discard piles and four Building piles
  ---
  duration_ms: 1.171011
  type: 'test'
  ...
# Subtest: Skip-Bo draws to five and immediately refills after emptying a hand mid-turn
ok 202 - Skip-Bo draws to five and immediately refills after emptying a hand mid-turn
  ---
  duration_ms: 1.104321
  type: 'test'
  ...
# Subtest: Skip-Bo plays from Stock, exposes the next top, and wins when Stock is cleared
ok 203 - Skip-Bo plays from Stock, exposes the next top, and wins when Stock is cleared
  ---
  duration_ms: 0.667791
  type: 'test'
  ...
# Subtest: Skip-Bo Wilds represent the required number and completed 1-12 piles recycle
ok 204 - Skip-Bo Wilds represent the required number and completed 1-12 piles recycle
  ---
  duration_ms: 0.472755
  type: 'test'
  ...
# Subtest: Skip-Bo discarding to one of four piles ends the turn and keeps public top visible
ok 205 - Skip-Bo discarding to one of four piles ends the turn and keeps public top visible
  ---
  duration_ms: 0.798959
  type: 'test'
  ...
# Subtest: Backgammon starts with the standard mirrored 15-checker setup
ok 206 - Backgammon starts with the standard mirrored 15-checker setup
  ---
  duration_ms: 0.620879
  type: 'test'
  ...
# Subtest: Backgammon legal-sequence engine enforces the larger die when only one can be used
ok 207 - Backgammon legal-sequence engine enforces the larger die when only one can be used
  ---
  duration_ms: 0.81958
  type: 'test'
  ...
# Subtest: Backgammon forces bar entry before any other checker movement
ok 208 - Backgammon forces bar entry before any other checker movement
  ---
  duration_ms: 0.236208
  type: 'test'
  ...
# Subtest: Backgammon hitting moves a blot to the bar
ok 209 - Backgammon hitting moves a blot to the bar
  ---
  duration_ms: 0.904648
  type: 'test'
  ...
# Subtest: Backgammon allows exact and oversized bearing off only after all checkers are home
ok 210 - Backgammon allows exact and oversized bearing off only after all checkers are home
  ---
  duration_ms: 0.483141
  type: 'test'
  ...
# Subtest: Backgammon doubling cube can be offered, accepted, owned, and declined
ok 211 - Backgammon doubling cube can be offered, accepted, owned, and declined
  ---
  duration_ms: 0.241366
  type: 'test'
  ...
# Subtest: Backgammon identifies a backgammon and applies cube multiplier
ok 212 - Backgammon identifies a backgammon and applies cube multiplier
  ---
  duration_ms: 0.494308
  type: 'test'
  ...
# Subtest: new-game UI includes the three shelves, physical table components, settings and guided demos
ok 213 - new-game UI includes the three shelves, physical table components, settings and guided demos
  ---
  duration_ms: 3.018396
  type: 'test'
  ...
# Subtest: Phase K build and cache markers are isolated from Phase I
ok 214 - Phase K build and cache markers are isolated from Phase I
  ---
  duration_ms: 1.317984
  type: 'test'
  ...
# Subtest: John Phase P1 flagship character occupies the production runtime slot
ok 215 - John Phase P1 flagship character occupies the production runtime slot
  ---
  duration_ms: 2.831633
  type: 'test'
  ...
# Subtest: John Phase P1 expands the shared authored animation contract
ok 216 - John Phase P1 expands the shared authored animation contract
  ---
  duration_ms: 2.372028
  type: 'test'
  ...
# Subtest: all three new game modules remain present in the release source
ok 217 - all three new game modules remain present in the release source
  ---
  duration_ms: 0.877147
  type: 'test'
  ...
# Subtest: Phase L uses a fresh build and service-worker cache
ok 218 - Phase L uses a fresh build and service-worker cache
  ---
  duration_ms: 1.271803
  type: 'test'
  ...
# Subtest: Mexican Train, Skip-Bo, Backgammon and Black Gammon are visible on the actual home Game Shelf
ok 219 - Mexican Train, Skip-Bo, Backgammon and Black Gammon are visible on the actual home Game Shelf
  ---
  duration_ms: 0.7602
  type: 'test'
  ...
# Subtest: the table-game shelf entries are wired into playable extra-game routing
ok 220 - the table-game shelf entries are wired into playable extra-game routing
  ---
  duration_ms: 1.842296
  type: 'test'
  ...
# Subtest: Phase O has an isolated build/cache identity
ok 221 - Phase O has an isolated build/cache identity
  ---
  duration_ms: 1.44112
  type: 'test'
  ...
# Subtest: Phase O keeps standard Backgammon and adds separate Black Gammon
ok 222 - Phase O keeps standard Backgammon and adds separate Black Gammon
  ---
  duration_ms: 1.919363
  type: 'test'
  ...
# Subtest: Phase O bot controls are Easy-first and readable
ok 223 - Phase O bot controls are Easy-first and readable
  ---
  duration_ms: 2.464077
  type: 'test'
  ...
# Subtest: Phase O exposes shared player-colour dice and Black Gammon directional guidance
ok 224 - Phase O exposes shared player-colour dice and Black Gammon directional guidance
  ---
  duration_ms: 2.056291
  type: 'test'
  ...
# Subtest: Phase O packages the locked Black Gammon rules and confirmed setup reference
ok 225 - Phase O packages the locked Black Gammon rules and confirmed setup reference
  ---
  duration_ms: 0.472425
  type: 'test'
  ...
# Subtest: Phase P0 installs flagship directive and locked-component register
ok 226 - Phase P0 installs flagship directive and locked-component register
  ---
  duration_ms: 0.963698
  type: 'test'
  ...
# Subtest: Easy is the default computer difficulty across exposed setup paths
ok 227 - Easy is the default computer difficulty across exposed setup paths
  ---
  duration_ms: 2.194069
  type: 'test'
  ...
# Subtest: locked Prop Hunt technical seams remain present
ok 228 - locked Prop Hunt technical seams remain present
  ---
  duration_ms: 0.670735
  type: 'test'
  ...
# Subtest: approved cabin composition assets are still packaged
ok 229 - approved cabin composition assets are still packaged
  ---
  duration_ms: 0.200363
  type: 'test'
  ...
# Subtest: Phase P1 has a fresh build/cache identity without removing Phase O games
ok 230 - Phase P1 has a fresh build/cache identity without removing Phase O games
  ---
  duration_ms: 2.138445
  type: 'test'
  ...
# Subtest: John PH-CHAR-01 is a skinned flagship asset with the expanded motion set
ok 231 - John PH-CHAR-01 is a skinned flagship asset with the expanded motion set
  ---
  duration_ms: 3.129194
  type: 'test'
  ...
# Subtest: authored Prop Hunt keeps locomotion running under aim/fire overlays
ok 232 - authored Prop Hunt keeps locomotion running under aim/fire overlays
  ---
  duration_ms: 0.65444
  type: 'test'
  ...
# Subtest: Prop Hunt adds restrained touch/gamepad aim assistance with muzzle validation
ok 233 - Prop Hunt adds restrained touch/gamepad aim assistance with muzzle validation
  ---
  duration_ms: 0.575521
  type: 'test'
  ...
# Subtest: Papa Shop production set keeps gameplay colliders and uses static visual optimization
ok 234 - Papa Shop production set keeps gameplay colliders and uses static visual optimization
  ---
  duration_ms: 0.511043
  type: 'test'
  ...
# Subtest: approved cabin stays in place while the home game controls become dimensional vector plaques
ok 235 - approved cabin stays in place while the home game controls become dimensional vector plaques
  ---
  duration_ms: 2.157994
  type: 'test'
  ...
# Subtest: P1 preserves Easy-first bot defaults and readable bot selectors
ok 236 - P1 preserves Easy-first bot defaults and readable bot selectors
  ---
  duration_ms: 1.768625
  type: 'test'
  ...
# Subtest: Phase Q has a fresh build, cache, and QA identity
ok 237 - Phase Q has a fresh build, cache, and QA identity
  ---
  duration_ms: 2.396816
  type: 'test'
  ...
# Subtest: Skip-Bo uses a portrait-first direct play surface rather than the zoom viewport
ok 238 - Skip-Bo uses a portrait-first direct play surface rather than the zoom viewport
  ---
  duration_ms: 2.549717
  type: 'test'
  ...
# Subtest: Skip-Bo presentation preserves private opponent hands and four visible discard destinations
ok 239 - Skip-Bo presentation preserves private opponent hands and four visible discard destinations
  ---
  duration_ms: 1.346937
  type: 'test'
  ...
# Subtest: Cribbage UI exposes the real-board, two-peg, pegging-owner, and score-recap systems
ok 240 - Cribbage UI exposes the real-board, two-peg, pegging-owner, and score-recap systems
  ---
  duration_ms: 2.095139
  type: 'test'
  ...
# Subtest: Cribbage public state can preserve a completed hand and crib scoring recap
ok 241 - Cribbage public state can preserve a completed hand and crib scoring recap
  ---
  duration_ms: 1.564217
  type: 'test'
  ...
# Subtest: Phase Q packages the governing mobile tabletop directive
ok 242 - Phase Q packages the governing mobile tabletop directive
  ---
  duration_ms: 0.322517
  type: 'test'
  ...
# Subtest: Phase R build identity and directive are packaged
ok 243 - Phase R build identity and directive are packaged
  ---
  duration_ms: 3.037455
  type: 'test'
  ...
# Subtest: Backgammon family uses dedicated screen-first Gammon gameplay
ok 244 - Backgammon family uses dedicated screen-first Gammon gameplay
  ---
  duration_ms: 2.028118
  type: 'test'
  ...
# Subtest: Gammon blue-line artifact is disabled at its original roster pseudo-element
ok 245 - Gammon blue-line artifact is disabled at its original roster pseudo-element
  ---
  duration_ms: 1.404395
  type: 'test'
  ...
# Subtest: Gammon roll actions are primary and immediately refresh visible state
ok 246 - Gammon roll actions are primary and immediately refresh visible state
  ---
  duration_ms: 1.08405
  type: 'test'
  ...
# Subtest: Black Gammon roll controls are not duplicated in the generic action panel
ok 247 - Black Gammon roll controls are not duplicated in the generic action panel
  ---
  duration_ms: 1.625249
  type: 'test'
  ...
# Subtest: John P2 authored benchmark metadata and GLB are present
ok 248 - John P2 authored benchmark metadata and GLB are present
  ---
  duration_ms: 0.36369
  type: 'test'
  ...
# Subtest: John P2 builder includes refined face/body/boot and locomotion work
ok 249 - John P2 builder includes refined face/body/boot and locomotion work
  ---
  duration_ms: 0.206041
  type: 'test'
  ...
# Subtest: Papa Shop P2 benchmark lighting adds restrained local depth
ok 250 - Papa Shop P2 benchmark lighting adds restrained local depth
  ---
  duration_ms: 0.447487
  type: 'test'
  ...
# Subtest: Phase Q Skip-Bo and Cribbage screen-first routes remain preserved
ok 251 - Phase Q Skip-Bo and Cribbage screen-first routes remain preserved
  ---
  duration_ms: 0.876365
  type: 'test'
  ...
# Subtest: Phase S has an isolated build/cache identity and packages its directive
ok 252 - Phase S has an isolated build/cache identity and packages its directive
  ---
  duration_ms: 2.674355
  type: 'test'
  ...
# Subtest: Skip-Bo Stock top is a first-class source, exposes the next card, and can chain to victory
ok 253 - Skip-Bo Stock top is a first-class source, exposes the next card, and can chain to victory
  ---
  duration_ms: 3.528518
  type: 'test'
  ...
# Subtest: Skip-Bo UI visibly treats Stock as playable and uses direct glowing Building targets
ok 254 - Skip-Bo UI visibly treats Stock as playable and uses direct glowing Building targets
  ---
  duration_ms: 1.637958
  type: 'test'
  ...
# Subtest: Trail Trouble starts with five cards and completes a real first turn
ok 255 - Trail Trouble starts with five cards and completes a real first turn
  ---
  duration_ms: 1.405306
  type: 'test'
  ...
# Subtest: Last Haven progresses from Camp to Route through the complete setup and into first gameplay turn
ok 256 - Last Haven progresses from Camp to Route through the complete setup and into first gameplay turn
  ---
  duration_ms: 6.195131
  type: 'test'
  ...
# Subtest: Last Haven UI provides large direct Route targets and a route fallback action panel
ok 257 - Last Haven UI provides large direct Route targets and a route fallback action panel
  ---
  duration_ms: 1.472617
  type: 'test'
  ...
# Subtest: Cribbage Phase S uses one shared physical wood board with colored lanes, drilled holes, seated pegs, and peg animation
ok 258 - Cribbage Phase S uses one shared physical wood board with colored lanes, drilled holes, seated pegs, and peg animation
  ---
  duration_ms: 1.991893
  type: 'test'
  ...
# Subtest: Cribbage public state keeps previous score and peg-event data required for physical peg movement
ok 259 - Cribbage public state keeps previous score and peg-event data required for physical peg movement
  ---
  duration_ms: 0.824978
  type: 'test'
  ...
# Subtest: Backgammon and Black Gammon retain screen-first Gammon renderer with Phase S dimensional wood treatment
ok 260 - Backgammon and Black Gammon retain screen-first Gammon renderer with Phase S dimensional wood treatment
  ---
  duration_ms: 2.295583
  type: 'test'
  ...
# Subtest: Gammon roll actions still force a fresh room-state read without duplicating action UI
ok 261 - Gammon roll actions still force a fresh room-state read without duplicating action UI
  ---
  duration_ms: 0.958489
  type: 'test'
  ...
# Subtest: Marbles & Jokers has a dedicated screen-first renderer rather than the generic felt-table shell
ok 262 - Marbles & Jokers has a dedicated screen-first renderer rather than the generic felt-table shell
  ---
  duration_ms: 1.65963
  type: 'test'
  ...
# Subtest: Screw Your Buddy and Fuck Your Buddy bidding show hand size plus trump/special context in the bid box
ok 263 - Screw Your Buddy and Fuck Your Buddy bidding show hand size plus trump/special context in the bid box
  ---
  duration_ms: 1.357413
  type: 'test'
  ...
# Subtest: Phase S critical tabletop actions request immediate visible state refresh rather than waiting only on SSE
ok 264 - Phase S critical tabletop actions request immediate visible state refresh rather than waiting only on SSE
  ---
  duration_ms: 0.97855
  type: 'test'
  ...
# Subtest: Phase T has a fresh isolated build/cache identity
ok 265 - Phase T has a fresh isolated build/cache identity
  ---
  duration_ms: 1.714854
  type: 'test'
  ...
# Subtest: directional aiming classifies forward, backpedal and strafes in facing space
ok 266 - directional aiming classifies forward, backpedal and strafes in facing space
  ---
  duration_ms: 0.527508
  type: 'test'
  ...
# Subtest: player faces travel direction as hider and camera/crosshair direction as hunter
ok 267 - player faces travel direction as hider and camera/crosshair direction as hunter
  ---
  duration_ms: 0.427316
  type: 'test'
  ...
# Subtest: authored locomotion keeps aim/fire layered and supports reverse backpedal playback
ok 268 - authored locomotion keeps aim/fire layered and supports reverse backpedal playback
  ---
  duration_ms: 0.573898
  type: 'test'
  ...
# Subtest: jump landing and mantle have a stronger gameplay-feel pass
ok 269 - jump landing and mantle have a stronger gameplay-feel pass
  ---
  duration_ms: 1.541692
  type: 'test'
  ...
# Subtest: hider disguise, decoy and flash actions have deliberate readable feedback
ok 270 - hider disguise, decoy and flash actions have deliberate readable feedback
  ---
  duration_ms: 0.61447
  type: 'test'
  ...
# Subtest: damage and Classic elimination move into a spectator camera instead of a dead view
ok 271 - damage and Classic elimination move into a spectator camera instead of a dead view
  ---
  duration_ms: 0.619066
  type: 'test'
  ...
# Subtest: mobile hider HUD surfaces remaining tactical resources directly on buttons
ok 272 - mobile hider HUD surfaces remaining tactical resources directly on buttons
  ---
  duration_ms: 0.401007
  type: 'test'
  ...
# Subtest: Phase S tabletop repairs remain present while Prop Hunt advances
ok 273 - Phase S tabletop repairs remain present while Prop Hunt advances
  ---
  duration_ms: 1.290472
  type: 'test'
  ...
# Subtest: Phase T1 has a fresh isolated build/cache identity
ok 274 - Phase T1 has a fresh isolated build/cache identity
  ---
  duration_ms: 1.576104
  type: 'test'
  ...
# Subtest: hunter gets an opaque hide countdown and no separate aim button
ok 275 - hunter gets an opaque hide countdown and no separate aim button
  ---
  duration_ms: 0.691576
  type: 'test'
  ...
# Subtest: protected hide phase freezes hunter movement, look and weapon
ok 276 - protected hide phase freezes hunter movement, look and weapon
  ---
  duration_ms: 0.638086
  type: 'test'
  ...
# Subtest: crosshair is always the hunter aim and hold SHOOT continuously fires at a controlled rate
ok 277 - crosshair is always the hunter aim and hold SHOOT continuously fires at a controlled rate
  ---
  duration_ms: 1.1833
  type: 'test'
  ...
# Subtest: server masks hider position/disguise/decoys from a hunter during hide
ok 278 - server masks hider position/disguise/decoys from a hunter during hide
  ---
  duration_ms: 0.977288
  type: 'test'
  ...
# Subtest: server only accepts hunter damage during the hunt phase
ok 279 - server only accepts hunter damage during the hunt phase
  ---
  duration_ms: 0.156617
  type: 'test'
  ...
# Subtest: hider positional footsteps are suppressed for a blinded hunter
ok 280 - hider positional footsteps are suppressed for a blinded hunter
  ---
  duration_ms: 0.378092
  type: 'test'
  ...
# Subtest: Cabin Breakout is one self-contained canvas file with valid inline JS
ok 281 - Cabin Breakout is one self-contained canvas file with valid inline JS
  ---
  duration_ms: 2.130283
  type: 'test'
  ...
# Subtest: Breakout uses the selected 6x10 layout, 3 lives, both controls and MULTI extra
ok 282 - Breakout uses the selected 6x10 layout, 3 lives, both controls and MULTI extra
  ---
  duration_ms: 0.277099
  type: 'test'
  ...
# Subtest: Breakout uses swept expanded-AABB collision and aimable paddle reflection
ok 283 - Breakout uses swept expanded-AABB collision and aimable paddle reflection
  ---
  duration_ms: 0.119831
  type: 'test'
  ...
# Subtest: Breakout includes score lives win game-over and restart flows
ok 284 - Breakout includes score lives win game-over and restart flows
  ---
  duration_ms: 0.146342
  type: 'test'
  ...
# Subtest: Cabin Breakout appears in the lodge Arcade Corner and routes to its page
ok 285 - Cabin Breakout appears in the lodge Arcade Corner and routes to its page
  ---
  duration_ms: 0.193452
  type: 'test'
  ...
# Subtest: U1 arcade files are self-contained and integrated
ok 286 - U1 arcade files are self-contained and integrated
  ---
  duration_ms: 1.997992
  type: 'test'
  ...
# Subtest: space shooter has capped objects, limited fire and rAF
ok 287 - space shooter has capped objects, limited fire and rAF
  ---
  duration_ms: 0.950557
  type: 'test'
  ...
# Subtest: rocket uses fixed step, shrinking safe gap and local high score
ok 288 - rocket uses fixed step, shrinking safe gap and local high score
  ---
  duration_ms: 0.162446
  type: 'test'
  ...
# Subtest: snake uses 20x20, queued turns, reversal guard and speed ramp
ok 289 - snake uses 20x20, queued turns, reversal guard and speed ramp
  ---
  duration_ms: 0.133252
  type: 'test'
  ...
# Subtest: Papa production slice ships real GLB binaries for benchmark characters and hero props
ok 290 - Papa production slice ships real GLB binaries for benchmark characters and hero props
  ---
  duration_ms: 12.016848
  type: 'test'
  ...
# Subtest: production manifest calibrates John and Gunner to gameplay-scale authored models
ok 291 - production manifest calibrates John and Gunner to gameplay-scale authored models
  ---
  duration_ms: 0.270629
  type: 'test'
  ...
# Subtest: authored named rigs can use procedural animation until bespoke clips arrive
ok 292 - authored named rigs can use procedural animation until bespoke clips arrive
  ---
  duration_ms: 0.250249
  type: 'test'
  ...
# Subtest: Papa high-attention hero kit is asynchronously replaced by authored visuals while colliders remain
ok 293 - Papa high-attention hero kit is asynchronously replaced by authored visuals while colliders remain
  ---
  duration_ms: 0.398002
  type: 'test'
  ...
# Subtest: John and Gunner production GLBs carry curved approved-reference face texture nodes
ok 294 - John and Gunner production GLBs carry curved approved-reference face texture nodes
  ---
  duration_ms: 4.83274
  type: 'test'
  ...
# Subtest: wall AABB genuinely blocks a ray before a player behind it
ok 295 - wall AABB genuinely blocks a ray before a player behind it
  ---
  duration_ms: 0.878338
  type: 'test'
  ...
# Subtest: third-person camera is shortened by walls instead of clipping outside the building
ok 296 - third-person camera is shortened by walls instead of clipping outside the building
  ---
  duration_ms: 0.364892
  type: 'test'
  ...
# Subtest: movement blocks solid walls and jump input can auto-mantle a reasonable ledge
ok 297 - movement blocks solid walls and jump input can auto-mantle a reasonable ledge
  ---
  duration_ms: 0.40984
  type: 'test'
  ...
# Subtest: ceilings stop upward player motion and keep the head inside a room
ok 298 - ceilings stop upward player motion and keep the head inside a room
  ---
  duration_ms: 0.157018
  type: 'test'
  ...
# Subtest: role assignment rotates hunters and scales to two hunters for larger family rooms
ok 299 - role assignment rotates hunters and scales to two hunters for larger family rooms
  ---
  duration_ms: 0.63514
  type: 'test'
  ...
# Subtest: network snapshots are clamped and server hit registration requires hunter-to-live-hider range
ok 300 - network snapshots are clamped and server hit registration requires hunter-to-live-hider range
  ---
  duration_ms: 0.275276
  type: 'test'
  ...
# Subtest: Prop Hunt is a real WebGL scene instead of the old Canvas 2D projection
ok 301 - Prop Hunt is a real WebGL scene instead of the old Canvas 2D projection
  ---
  duration_ms: 0.652186
  type: 'test'
  ...
# Subtest: all-angle humans, quadruped dogs and skeleton-attached weapons are built as detailed 3D mesh hierarchies
ok 302 - all-angle humans, quadruped dogs and skeleton-attached weapons are built as detailed 3D mesh hierarchies
  ---
  duration_ms: 0.490142
  type: 'test'
  ...
# Subtest: shared art kit supplies textured materials and detailed objects instead of grey-box landmarks
ok 303 - shared art kit supplies textured materials and detailed objects instead of grey-box landmarks
  ---
  duration_ms: 0.393035
  type: 'test'
  ...
# Subtest: buildings have actual segmented walls, windows, ceilings and detailed landmark assets
ok 304 - buildings have actual segmented walls, windows, ceilings and detailed landmark assets
  ---
  duration_ms: 2.10853
  type: 'test'
  ...
# Subtest: raycast shooting and bot sight use world geometry so walls block both shots and detection
ok 305 - raycast shooting and bot sight use world geometry so walls block both shots and detection
  ---
  duration_ms: 0.212011
  type: 'test'
  ...
# Subtest: mobile/desktop controls expose crosshair-first shooting, sprint, jump-auto-mantle, prop, flash, decoy and lock without a separate aim button
ok 306 - mobile/desktop controls expose crosshair-first shooting, sprint, jump-auto-mantle, prop, flash, decoy and lock without a separate aim button
  ---
  duration_ms: 0.236578
  type: 'test'
  ...
# Subtest: Lodge creates a dedicated real-time Prop Hunt room instead of sending players to a local-only prototype
ok 307 - Lodge creates a dedicated real-time Prop Hunt room instead of sending players to a local-only prototype
  ---
  duration_ms: 0.37023
  type: 'test'
  ...
# Subtest: dedicated Prop Hunt room creates, joins, readies and starts a six-round synchronized match
ok 308 - dedicated Prop Hunt room creates, joins, readies and starts a six-round synchronized match
  ---
  duration_ms: 19.952902
  type: 'test'
  ...
# Subtest: Prop Hunt room uses Durable Object hibernatable WebSocket patterns and persistent SQL state
ok 309 - Prop Hunt room uses Durable Object hibernatable WebSocket patterns and persistent SQL state
  ---
  duration_ms: 7.583071
  type: 'test'
  ...
# Subtest: Prop Hunt visible rig scale is calibrated to human-scale colliders instead of 2m prototype bodies
ok 310 - Prop Hunt visible rig scale is calibrated to human-scale colliders instead of 2m prototype bodies
  ---
  duration_ms: 0.844938
  type: 'test'
  ...
# Subtest: dog profiles distinguish Gunner from the golden dogs instead of recolouring one generic quadruped
ok 311 - dog profiles distinguish Gunner from the golden dogs instead of recolouring one generic quadruped
  ---
  duration_ms: 0.470442
  type: 'test'
  ...
# Subtest: family identity includes real 3D silhouette/clothing cues rather than color-only clones
ok 312 - family identity includes real 3D silhouette/clothing cues rather than color-only clones
  ---
  duration_ms: 0.268006
  type: 'test'
  ...
# Subtest: Papa's Shop has a real rural exterior, garage-scale overhead door and purposeful shop wear
ok 313 - Papa's Shop has a real rural exterior, garage-scale overhead door and purposeful shop wear
  ---
  duration_ms: 0.18486
  type: 'test'
  ...
# Subtest: small Papa shop props can be deliberately placed on surfaces instead of every object sitting on the floor
ok 314 - small Papa shop props can be deliberately placed on surfaces instead of every object sitting on the floor
  ---
  duration_ms: 0.31741
  type: 'test'
  ...
# Subtest: quality slice keeps deliberate third-person framing, navigation and an opt-in phone QA HUD
ok 315 - quality slice keeps deliberate third-person framing, navigation and an opt-in phone QA HUD
  ---
  duration_ms: 0.203437
  type: 'test'
  ...
# Subtest: all free-moving 3D games share the v2 studio-realism gameplay/control framework
ok 316 - all free-moving 3D games share the v2 studio-realism gameplay/control framework
  ---
  duration_ms: 0.888194
  type: 'test'
  ...
# Subtest: movement input preserves analog joystick strength and is camera-relative
ok 317 - movement input preserves analog joystick strength and is camera-relative
  ---
  duration_ms: 0.232843
  type: 'test'
  ...
# Subtest: velocity has acceleration and braking instead of instant start-stop motion
ok 318 - velocity has acceleration and braking instead of instant start-stop motion
  ---
  duration_ms: 0.198891
  type: 'test'
  ...
# Subtest: jump buffering and coyote time both accept human-scale late/early jump input
ok 319 - jump buffering and coyote time both accept human-scale late/early jump input
  ---
  duration_ms: 0.233764
  type: 'test'
  ...
# Subtest: interaction targeting prefers something in front instead of a slightly closer object behind
ok 320 - interaction targeting prefers something in front instead of a slightly closer object behind
  ---
  duration_ms: 0.169176
  type: 'test'
  ...
# Subtest: animation system contains semantic poses, blinking, quadruped gait and future-authored-rig language
ok 321 - animation system contains semantic poses, blinking, quadruped gait and future-authored-rig language
  ---
  duration_ms: 0.314866
  type: 'test'
  ...
# Subtest: variable jump height trims upward velocity when jump is released early
ok 322 - variable jump height trims upward velocity when jump is released early
  ---
  duration_ms: 0.188004
  type: 'test'
  ...
# Subtest: sprint and locomotion semantics are shared instead of reimplemented per game
ok 323 - sprint and locomotion semantics are shared instead of reimplemented per game
  ---
  duration_ms: 0.250018
  type: 'test'
  ...
# Subtest: transient semantic animations survive the locomotion loop long enough to be visible
ok 324 - transient semantic animations survive the locomotion loop long enough to be visible
  ---
  duration_ms: 0.4627
  type: 'test'
  ...
# Subtest: shared 3D art kit provides low-cost environmental ambience in every free-moving 3D game
ok 325 - shared 3D art kit provides low-cost environmental ambience in every free-moving 3D game
  ---
  duration_ms: 0.419415
  type: 'test'
  ...
# Subtest: 3D control preferences are shared, persistent-capable and exposed in every free-moving game
ok 326 - 3D control preferences are shared, persistent-capable and exposed in every free-moving game
  ---
  duration_ms: 0.30447
  type: 'test'
  ...
# Subtest: camera framework supports shoulder swapping and all three games expose it
ok 327 - camera framework supports shoulder swapping and all three games expose it
  ---
  duration_ms: 0.181284
  type: 'test'
  ...
# Subtest: John birthday race is a genuine WebGL 3D game using the shared rigs and controls
ok 328 - John birthday race is a genuine WebGL 3D game using the shared rigs and controls
  ---
  duration_ms: 0.32386
  type: 'test'
  ...
# Subtest: Island Life interaction targeting follows the camera view and Prop Hunt no longer keeps a second one-off rig animator
ok 329 - Island Life interaction targeting follows the camera view and Prop Hunt no longer keeps a second one-off rig animator
  ---
  duration_ms: 0.123357
  type: 'test'
  ...
# Subtest: each 3D game has a deliberately different movement/camera tuning profile
ok 330 - each 3D game has a deliberately different movement/camera tuning profile
  ---
  duration_ms: 0.065369
  type: 'test'
  ...
# Subtest: motion telemetry drives gait by travel speed and records acceleration, turns and landings
ok 331 - motion telemetry drives gait by travel speed and records acceleration, turns and landings
  ---
  duration_ms: 0.220653
  type: 'test'
  ...
# Subtest: living-world art kit exposes reusable landmarks, environmental motion and place-detail builders
ok 332 - living-world art kit exposes reusable landmarks, environmental motion and place-detail builders
  ---
  duration_ms: 0.737325
  type: 'test'
  ...
# Subtest: v1.7 animation pass includes acceleration lean, turn lean, airborne arm poses and dog idle sniffing
ok 333 - v1.7 animation pass includes acceleration lean, turn lean, airborne arm poses and dog idle sniffing
  ---
  duration_ms: 0.560368
  type: 'test'
  ...
# Subtest: attention system gives characters a clamped local head target instead of billboard-style staring
ok 334 - attention system gives characters a clamped local head target instead of billboard-style staring
  ---
  duration_ms: 0.352103
  type: 'test'
  ...
# Subtest: distance-driven gait exposes discrete footstep and landing contact events
ok 335 - distance-driven gait exposes discrete footstep and landing contact events
  ---
  duration_ms: 0.292732
  type: 'test'
  ...
# Subtest: world interactions map to readable semantic body actions
ok 336 - world interactions map to readable semantic body actions
  ---
  duration_ms: 0.285953
  type: 'test'
  ...
# Subtest: context actions turn an idle body toward the object being used and add eat/drink semantics
ok 337 - context actions turn an idle body toward the object being used and add eat/drink semantics
  ---
  duration_ms: 0.499586
  type: 'test'
  ...
# Subtest: v1.8 realism layer is shared: renderer, shadows, contact FX, attention, doors and practical lights
ok 338 - v1.8 realism layer is shared: renderer, shadows, contact FX, attention, doors and practical lights
  ---
  duration_ms: 0.793831
  type: 'test'
  ...
# Subtest: third-person camera snaps to a playable solved view on its first frame instead of easing from WebGL origin
ok 339 - third-person camera snaps to a playable solved view on its first frame instead of easing from WebGL origin
  ---
  duration_ms: 1.977542
  type: 'test'
  ...
# Subtest: normal third-person framing stays below a low interior ceiling instead of collapsing onto the avatar
ok 340 - normal third-person framing stays below a low interior ceiling instead of collapsing onto the avatar
  ---
  duration_ms: 1.205423
  type: 'test'
  ...
# Subtest: camera obstruction ignores non-solid decorative/floor geometry
ok 341 - camera obstruction ignores non-solid decorative/floor geometry
  ---
  duration_ms: 0.121694
  type: 'test'
  ...
# Subtest: safe spawn search moves an embedded player into open geometry and recovery zeros bad velocity
ok 342 - safe spawn search moves an embedded player into open geometry and recovery zeros bad velocity
  ---
  duration_ms: 0.719788
  type: 'test'
  ...
# Subtest: all three 3D games expose a visible emergency RESET VIEW and keyboard recovery path
ok 343 - all three 3D games expose a visible emergency RESET VIEW and keyboard recovery path
  ---
  duration_ms: 5.96264
  type: 'test'
  ...
# Subtest: v2.1 Studio Realism module exposes the cross-game realism foundation
ok 344 - v2.1 Studio Realism module exposes the cross-game realism foundation
  ---
  duration_ms: 0.749204
  type: 'test'
  ...
# Subtest: authored-model manifest is fallback-safe and may opt high-attention assets into production GLBs
ok 345 - authored-model manifest is fallback-safe and may opt high-attention assets into production GLBs
  ---
  duration_ms: 0.188596
  type: 'test'
  ...
# Subtest: semantic authored animation lookup maps gameplay words to likely clip names
ok 346 - semantic authored animation lookup maps gameplay words to likely clip names
  ---
  duration_ms: 0.287134
  type: 'test'
  ...
# Subtest: network snapshot buffering uses local receive time and interpolates/extrapolates safely
ok 347 - network snapshot buffering uses local receive time and interpolates/extrapolates safely
  ---
  duration_ms: 0.308837
  type: 'test'
  ...
# Subtest: island nav grid routes around blockers rather than walking bots through buildings
ok 348 - island nav grid routes around blockers rather than walking bots through buildings
  ---
  duration_ms: 1.362011
  type: 'test'
  ...
# Subtest: weather and NPC routines are deterministic enough for a persistent private island
ok 349 - weather and NPC routines are deterministic enough for a persistent private island
  ---
  duration_ms: 0.769194
  type: 'test'
  ...
# Subtest: tropical terrain keeps village/home pads restrained instead of poking through buildings
ok 350 - tropical terrain keeps village/home pads restrained instead of poking through buildings
  ---
  duration_ms: 0.227985
  type: 'test'
  ...
# Subtest: Island Life furniture actions are server-authorized and include stateful lamps
ok 351 - Island Life furniture actions are server-authorized and include stateful lamps
  ---
  duration_ms: 0.160012
  type: 'test'
  ...
# Subtest: v2 worlds include surface-aware sound, shoreline foam, selective physics and cinematic recovery
ok 352 - v2 worlds include surface-aware sound, shoreline foam, selective physics and cinematic recovery
  ---
  duration_ms: 0.47572
  type: 'test'
  ...
# Subtest: semantic procedural actions are visibly distinct rather than generic arm movement
ok 353 - semantic procedural actions are visibly distinct rather than generic arm movement
  ---
  duration_ms: 0.47621
  type: 'test'
  ...
# Subtest: v1.0.10 has a detailed Cribbage board and clearly marks the crib owner
ok 354 - v1.0.10 has a detailed Cribbage board and clearly marks the crib owner
  ---
  duration_ms: 1.120054
  type: 'test'
  ...
# Subtest: Golf uses a clickable stock, face-up discard, held draw card and clickable 2x4 grid
ok 355 - Golf uses a clickable stock, face-up discard, held draw card and clickable 2x4 grid
  ---
  duration_ms: 0.451563
  type: 'test'
  ...
# Subtest: Marbles & Jokers has a detailed zoomable board with colored pieces and direct draw deck
ok 356 - Marbles & Jokers has a detailed zoomable board with colored pieces and direct draw deck
  ---
  duration_ms: 0.419014
  type: 'test'
  ...
# Subtest: Lodge home and connection screen are birthday cabin themed
ok 357 - Lodge home and connection screen are birthday cabin themed
  ---
  duration_ms: 0.229918
  type: 'test'
  ...
# Subtest: Turn-draw games expose a physical clickable deck instead of only text actions
ok 358 - Turn-draw games expose a physical clickable deck instead of only text actions
  ---
  duration_ms: 0.23146
  type: 'test'
  ...
# Subtest: Mexican Train creates one complete unique Double-12 set
ok 359 - Mexican Train creates one complete unique Double-12 set
  ---
  duration_ms: 1.499998
  type: 'test'
  ...
# Subtest: Mexican Train deals 15 private tiles to 2 players
ok 360 - Mexican Train deals 15 private tiles to 2 players
  ---
  duration_ms: 1.058941
  type: 'test'
  ...
# Subtest: Mexican Train deals 12 private tiles to 5 players
ok 361 - Mexican Train deals 12 private tiles to 5 players
  ---
  duration_ms: 0.383821
  type: 'test'
  ...
# Subtest: Mexican Train deals 11 private tiles to 8 players
ok 362 - Mexican Train deals 11 private tiles to 8 players
  ---
  duration_ms: 1.020964
  type: 'test'
  ...
# Subtest: Mexican Train engine search draws once, passes, then accepts the highest double
ok 363 - Mexican Train engine search draws once, passes, then accepts the highest double
  ---
  duration_ms: 2.090372
  type: 'test'
  ...
# Subtest: Mexican Train uses family open-train state and forces a double to be closed
ok 364 - Mexican Train uses family open-train state and forces a double to be closed
  ---
  duration_ms: 1.20312
  type: 'test'
  ...
# Subtest: Mexican Train ends the third round with the lowest cumulative score
ok 365 - Mexican Train ends the third round with the lowest cumulative score
  ---
  duration_ms: 0.726199
  type: 'test'
  ...
# Subtest: Skip-Bo deck contains 162 cards with 12 of each number and 18 Wilds
ok 366 - Skip-Bo deck contains 162 cards with 12 of each number and 18 Wilds
  ---
  duration_ms: 0.523252
  type: 'test'
  ...
# Subtest: Skip-Bo keeps hands and future Stock cards private while exposing public pile tops
ok 367 - Skip-Bo keeps hands and future Stock cards private while exposing public pile tops
  ---
  duration_ms: 1.046573
  type: 'test'
  ...
# Subtest: Skip-Bo builds 1 through 12, uses Wild as the needed value and clears completed piles
ok 368 - Skip-Bo builds 1 through 12, uses Wild as the needed value and clears completed piles
  ---
  duration_ms: 0.996507
  type: 'test'
  ...
# Subtest: Skip-Bo immediately refills an emptied hand and wins when the final Stock card is played
ok 369 - Skip-Bo immediately refills an emptied hand and wins when the final Stock card is played
  ---
  duration_ms: 0.566136
  type: 'test'
  ...
# Subtest: Skip-Bo has four public Discard Piles and discarding ends the turn
ok 370 - Skip-Bo has four public Discard Piles and discarding ends the turn
  ---
  duration_ms: 0.410731
  type: 'test'
  ...
# Subtest: Skip-Bo rejects the impossible 30-card Stock setting for 5-6 players
ok 371 - Skip-Bo rejects the impossible 30-card Stock setting for 5-6 players
  ---
  duration_ms: 0.484883
  type: 'test'
  ...
# Subtest: Backgammon starts with exactly 15 mirrored checkers per player
ok 372 - Backgammon starts with exactly 15 mirrored checkers per player
  ---
  duration_ms: 0.318712
  type: 'test'
  ...
# Subtest: Backgammon opening roll chooses the higher player and uses both opening values
ok 373 - Backgammon opening roll chooses the higher player and uses both opening values
  ---
  duration_ms: 0.464343
  type: 'test'
  ...
# Subtest: Backgammon legal sequence generation enforces Bar priority and blocked entry
ok 374 - Backgammon legal sequence generation enforces Bar priority and blocked entry
  ---
  duration_ms: 0.533937
  type: 'test'
  ...
# Subtest: Backgammon hits a blot and sends it to the Bar
ok 375 - Backgammon hits a blot and sends it to the Bar
  ---
  duration_ms: 0.467197
  type: 'test'
  ...
# Subtest: Backgammon bears off only from a legal all-home position
ok 376 - Backgammon bears off only from a legal all-home position
  ---
  duration_ms: 0.325683
  type: 'test'
  ...
# Subtest: Backgammon doubling cube supports accept, beaver and decline outcomes
ok 377 - Backgammon doubling cube supports accept, beaver and decline outcomes
  ---
  duration_ms: 1.290492
  type: 'test'
  ...
# Subtest: Three new games expose their visual table, tutorial and responsive gesture contracts
ok 378 - Three new games expose their visual table, tutorial and responsive gesture contracts
  ---
  duration_ms: 15.996988
  type: 'test'
  ...
# Subtest: Trail Trouble has a square race board with Camp zones, Safe Trails, Home, zoom, cards and tappable markers
ok 379 - Trail Trouble has a square race board with Camp zones, Safe Trails, Home, zoom, cards and tappable markers
  ---
  duration_ms: 1.21607
  type: 'test'
  ...
# Subtest: Trail Trouble remains available in the v2.0.0 Studio Realism package
ok 380 - Trail Trouble remains available in the v2.0.0 Studio Realism package
  ---
  duration_ms: 0.108935
  type: 'test'
  ...
# Subtest: tryout keeps the existing Worker backend untouched while adding two Lodge games
ok 381 - tryout keeps the existing Worker backend untouched while adding two Lodge games
  ---
  duration_ms: 0.606116
  type: 'test'
  ...
# Subtest: Family Mystery tryout contains the complete family case file
ok 382 - Family Mystery tryout contains the complete family case file
  ---
  duration_ms: 0.3502
  type: 'test'
  ...
# Subtest: Family Prop Hunt tryout contains the locked six-round loadout and four maps
ok 383 - Family Prop Hunt tryout contains the locked six-round loadout and four maps
  ---
  duration_ms: 0.3773
  type: 'test'
  ...
# Subtest: chat messages can surface as a temporary named banner
ok 384 - chat messages can surface as a temporary named banner
  ---
  duration_ms: 0.7671
  type: 'test'
  ...
# Subtest: Last Haven uses a responsive felt board with routes, camps and direct board actions
ok 385 - Last Haven uses a responsive felt board with routes, camps and direct board actions
  ---
  duration_ms: 0.495009
  type: 'test'
  ...
# Subtest: hand-based extra games support tap-to-play cards and contextual card choices
ok 386 - hand-based extra games support tap-to-play cards and contextual card choices
  ---
  duration_ms: 0.271681
  type: 'test'
  ...
# Subtest: all displayed card hands auto-sort and use no-swipe fit layouts
ok 387 - all displayed card hands auto-sort and use no-swipe fit layouts
  ---
  duration_ms: 0.742153
  type: 'test'
  ...
# Subtest: turn ownership makes YOUR HAND glow
ok 388 - turn ownership makes YOUR HAND glow
  ---
  duration_ms: 0.776384
  type: 'test'
  ...
# Subtest: Prairie Pots uses tappable hand actions and visible live chip pots
ok 389 - Prairie Pots uses tappable hand actions and visible live chip pots
  ---
  duration_ms: 0.353564
  type: 'test'
  ...
# Subtest: room-preserving host game switch is wired through Worker and client UI
ok 390 - room-preserving host game switch is wired through Worker and client UI
  ---
  duration_ms: 0.132611
  type: 'test'
  ...
# Subtest: Family Mystery uses illustrated rooms, glowing movement blocks and avatar standees
ok 391 - Family Mystery uses illustrated rooms, glowing movement blocks and avatar standees
  ---
  duration_ms: 0.711816
  type: 'test'
  ...
# Subtest: Lodge home uses a responsive cabin hero, approved John crop and restrained ambient motion
ok 392 - Lodge home uses a responsive cabin hero, approved John crop and restrained ambient motion
  ---
  duration_ms: 0.420916
  type: 'test'
  ...
1..392
# tests 392
# suites 0
# pass 392
# fail 0
# cancelled 0
# skipped 0
# todo 0
# duration_ms 2087.452284
